14:17:48 Registre : 74 chaînes · plafond 8000 unités · max 500 vidéos/chaîne
14:17:48 À collecter : 74 · déjà fait (reprise) : 0 · non résolues : 0
14:17:48   channels.list : 50 demandées, 50 reçues
14:17:48   channels.list : 24 demandées, 24 reçues
14:18:21 [Library of Thoth] 412 vidéos · abonnés 311000 · 10 miniatures · 5/5 transcriptions · quota 20
14:19:03 [Daniel Moreno] 80 vidéos · abonnés 34100 · 10 miniatures · 5/5 transcriptions · quota 24
14:19:36 [Gnostic Library] 53 vidéos · abonnés 104000 · 10 miniatures · 5/5 transcriptions · quota 28
14:20:07 [Enoch Discoveries] 63 vidéos · abonnés 6560 · 10 miniatures · 4/5 transcriptions · 9Q1PquFVI2s: RuntimeError · quota 32
14:20:23   TRANSCRIPTIONS ARRÊTÉES : 3 échecs consécutifs (dernier RuntimeError)
14:20:23 [Hermetic Talk] 40 vidéos · abonnés 2910 · 10 miniatures · 0/5 transcriptions · e999MX1PNIc: RuntimeError, icZt1TNf4wk: RuntimeError · quota 34
14:20:28 [Bibliotheque de Thot] 324 vidéos · abonnés 68300 · 10 miniatures · 0/5 transcriptions · quota 48
14:20:37 [Biblioteca di Thoth] 241 vidéos · abonnés 13200 · 10 miniatures · 0/5 transcriptions · quota 58
14:20:41 [Bibliotheque Gnostique] 120 vidéos · abonnés 2570 · 10 miniatures · 0/5 transcriptions · quota 64
14:20:43 [La Biblioteca Gnostica] 14 vidéos · abonnés 2430 · 10 miniatures · 0/5 transcriptions · quota 66
14:20:47 [Elias Yoder Amish] 152 vidéos · abonnés 358000 · 10 miniatures · 0/5 transcriptions · quota 74
14:20:50 [Life According to Science] 126 vidéos · abonnés 80800 · 10 miniatures · 0/5 transcriptions · quota 80
14:20:53 [Health Snippet] 116 vidéos · abonnés 89900 · 10 miniatures · 0/5 transcriptions · quota 86
14:20:55 [CasiCreativo English] 57 vidéos · abonnés 707000 · 10 miniatures · 0/5 transcriptions · quota 90
14:21:01 [CasiCreativo (parent ES)] 483 vidéos · abonnés 8750000 · 10 miniatures · 0/5 transcriptions · quota 110
14:21:11 [Andrew Huberman] 500 vidéos (TRONQUÉ à 500) · abonnés 7830000 · 10 miniatures · 0/5 transcriptions · quota 130
14:21:14 [This Is Not Covered - Dr. Ashley Froese] 162 vidéos · abonnés 303000 · 10 miniatures · 0/5 transcriptions · quota 138
14:21:20 [Bryan Johnson] 500 vidéos (TRONQUÉ à 500) · abonnés 2230000 · 10 miniatures · 0/5 transcriptions · quota 158
14:21:26 [FoundMyFitness Clips] 500 vidéos (TRONQUÉ à 500) · abonnés 540000 · 10 miniatures · 0/5 transcriptions · quota 178
14:21:33 [Dr. Paul Anderson] 500 vidéos (TRONQUÉ à 500) · abonnés 190000 · 10 miniatures · 0/5 transcriptions · quota 198
14:21:39 [Dr. Eric Berg DC] 500 vidéos (TRONQUÉ à 500) · abonnés 15000000 · 10 miniatures · 0/5 transcriptions · quota 218
14:21:42 [Doctor Alex] 254 vidéos · abonnés 548000 · 10 miniatures · 0/5 transcriptions · quota 230
14:21:48 [Big Think] 500 vidéos (TRONQUÉ à 500) · abonnés 8970000 · 10 miniatures · 0/5 transcriptions · quota 250
14:21:53 [Jay Shetty Podcast] 500 vidéos (TRONQUÉ à 500) · abonnés 6010000 · 10 miniatures · 0/5 transcriptions · quota 270
14:22:02 [The Aspen Institute] 500 vidéos (TRONQUÉ à 500) · abonnés 266000 · 10 miniatures · 0/5 transcriptions · quota 290
14:25:08 [Scripps Research] 500 vidéos (TRONQUÉ à 500) · abonnés 49700 · 10 miniatures · 0/5 transcriptions · quota 310
14:25:15 [Siim Land] 500 vidéos (TRONQUÉ à 500) · abonnés 273000 · 10 miniatures · 0/5 transcriptions · quota 330
14:25:22 [Sean Hashmi, MD] 500 vidéos (TRONQUÉ à 500) · abonnés 156000 · 10 miniatures · 0/5 transcriptions · quota 350
14:25:24 [Romy Wolf] 40 vidéos · abonnés 499 · 10 miniatures · 0/5 transcriptions · quota 352
14:25:30 [After Skool] 252 vidéos · abonnés 3780000 · 10 miniatures · 0/5 transcriptions · quota 364
14:25:35 [Veritasium] 500 vidéos (TRONQUÉ à 500) · abonnés 21200000 · 10 miniatures · 0/5 transcriptions · quota 384
14:25:41 [The Diary Of A CEO] 500 vidéos (TRONQUÉ à 500) · abonnés 19600000 · 10 miniatures · 0/5 transcriptions · quota 404
14:25:48 [Will Tennyson] 500 vidéos (TRONQUÉ à 500) · abonnés 5390000 · 10 miniatures · 0/5 transcriptions · quota 424
14:25:56 [Rachael Ray Show] 500 vidéos (TRONQUÉ à 500) · abonnés 941000 · 10 miniatures · 0/5 transcriptions · quota 444
14:26:01 [NBC News] 500 vidéos (TRONQUÉ à 500) · abonnés 12100000 · 10 miniatures · 0/5 transcriptions · quota 464
14:26:08 [Doctor Youn] 500 vidéos (TRONQUÉ à 500) · abonnés 5570000 · 10 miniatures · 0/5 transcriptions · quota 484
14:26:15 [Mel Robbins] 500 vidéos (TRONQUÉ à 500) · abonnés 6170000 · 10 miniatures · 0/5 transcriptions · quota 504
14:26:19 [Silas Crowe] 21 vidéos · abonnés 8 · 10 miniatures · 0/5 transcriptions · quota 506
14:26:21 [Grandpa's Old Ways] 7 vidéos · abonnés 2 · 7 miniatures · 0/5 transcriptions · quota 508
14:26:24 [Old Ways Chronicle] 35 vidéos · abonnés 66 · 10 miniatures · 0/5 transcriptions · quota 510
14:26:30 [Saving Savers] 403 vidéos · abonnés 224000 · 10 miniatures · 0/5 transcriptions · quota 528
14:26:36 [Frugal Solutions] 423 vidéos · abonnés 268000 · 10 miniatures · 0/5 transcriptions · quota 546
14:26:42 [Frozen Pennies] 330 vidéos · abonnés 157000 · 10 miniatures · 0/5 transcriptions · quota 560
14:26:44 [People Pattern] 24 vidéos · abonnés 554 · 10 miniatures · 0/5 transcriptions · quota 562
14:31:04 [Homestead Tessie] ERREUR : TimeoutError: The read operation timed out
14:31:12 [Wellness + Wisdom Podcast] 500 vidéos (TRONQUÉ à 500) · abonnés 76200 · 10 miniatures · 0/5 transcriptions · quota 592
14:31:22 [Bruce H. Lipton, Ph.D.] 165 vidéos · abonnés 628000 · 10 miniatures · 0/5 transcriptions · quota 600
14:31:26 [InsightInfinite] 140 vidéos · abonnés 66800 · 10 miniatures · 0/5 transcriptions · quota 606
14:31:29 [Affinity Arc] 150 vidéos · abonnés 579 · 10 miniatures · 0/5 transcriptions · quota 612
14:31:36 [Spiritual Dive] 477 vidéos · abonnés 328000 · 10 miniatures · 0/5 transcriptions · quota 632
14:31:43 [Our History] 500 vidéos (TRONQUÉ à 500) · abonnés 1010000 · 10 miniatures · 0/5 transcriptions · quota 652
14:31:49 [Tolga Ornek] 367 vidéos · abonnés 74000 · 10 miniatures · 0/5 transcriptions · quota 668
14:32:05 [AB Documentary] 13 vidéos · abonnés 201 · 10 miniatures · 0/5 transcriptions · quota 670
14:32:22 [Khachakirner20] 115 vidéos · abonnés 3660 · 10 miniatures · 0/5 transcriptions · quota 676
14:32:24 [The History Channel] 82 vidéos · abonnés 4930 · 10 miniatures · 0/5 transcriptions · quota 680
14:32:27 [Now Next] 91 vidéos · abonnés 41900 · 10 miniatures · 0/5 transcriptions · quota 684
14:32:35 [Space Matters] 192 vidéos · abonnés 332000 · 10 miniatures · 0/5 transcriptions · quota 692
14:32:41 [BBC Earth Science] 500 vidéos (TRONQUÉ à 500) · abonnés 1810000 · 10 miniatures · 0/5 transcriptions · quota 712
14:32:47 [Science Channel] 500 vidéos (TRONQUÉ à 500) · abonnés 5380000 · 10 miniatures · 0/5 transcriptions · quota 732
14:32:53 [Spark] 500 vidéos (TRONQUÉ à 500) · abonnés 1990000 · 10 miniatures · 0/5 transcriptions · quota 752
14:33:01 [Surviving The Survivor: #BestGuests in True Crime] 500 vidéos (TRONQUÉ à 500) · abonnés 244000 · 10 miniatures · 0/5 transcriptions · quota 772
14:33:03 [Crime Is Fun] 12 vidéos · abonnés 174000 · 10 miniatures · 0/5 transcriptions · quota 774
14:33:09 [Fox News] 500 vidéos (TRONQUÉ à 500) · abonnés 15500000 · 10 miniatures · 0/5 transcriptions · quota 794
14:33:28 [Law&Crime Network] 500 vidéos (TRONQUÉ à 500) · abonnés 7700000 · 10 miniatures · 0/5 transcriptions · quota 814
14:33:34 [Ty Notts] 405 vidéos · abonnés 233000 · 10 miniatures · 0/5 transcriptions · quota 832
14:33:37 [PickFinder] 61 vidéos · abonnés 3710 · 10 miniatures · 0/5 transcriptions · quota 836
14:33:44 [Juiced Bets] 267 vidéos · abonnés 8400 · 10 miniatures · 0/5 transcriptions · quota 848
14:33:48 [Clark Knows Ball] 209 vidéos · abonnés 2070 · 10 miniatures · 0/5 transcriptions · quota 858
14:33:51 [choicooks] 44 vidéos · abonnés 2620 · 10 miniatures · 0/5 transcriptions · quota 860
14:33:54 [Shane Huang] 117 vidéos · abonnés 220000 · 10 miniatures · 0/5 transcriptions · quota 866
14:33:56 [Vincent Biohack] 20 vidéos · abonnés 15500 · 10 miniatures · 0/5 transcriptions · quota 868
14:34:01 [Quentin fitlife] 271 vidéos · abonnés 485 · 10 miniatures · 0/5 transcriptions · quota 880
14:34:08 [Nutripure] 500 vidéos (TRONQUÉ à 500) · abonnés 7420 · 10 miniatures · 0/5 transcriptions · quota 900
14:34:16 [Nutri&Co] 500 vidéos (TRONQUÉ à 500) · abonnés 71000 · 10 miniatures · 0/5 transcriptions · quota 920
14:34:16 [Novoma] 2 vidéos · abonnés 295 · 2 miniatures · 0/5 transcriptions · quota 922
14:34:16 FIN · dossiers avec videos.json : 73 · transcriptions arrêtées : True
14:34:16 quota consommé : 922 unités sur un plafond de 8000
14:34:23 Registre : 74 chaînes · plafond 8000 unités · max 500 vidéos/chaîne
14:34:23 À collecter : 1 · déjà fait (reprise) : 73 · non résolues : 0
14:34:23   channels.list : 1 demandées, 1 reçues
14:34:36   TRANSCRIPTIONS ARRÊTÉES : blocage YouTube (IpBlocked) — reprise dans 24 à 48 h
14:34:36 [Homestead Tessie] 500 vidéos (TRONQUÉ à 500) · abonnés 133000 · 10 miniatures · 0/5 transcriptions · sh_wmsW3l0U: IpBlocked · quota 21
14:34:36 FIN · dossiers avec videos.json : 74 · transcriptions arrêtées : True
14:34:36 quota consommé : 21 unités sur un plafond de 8000
